###############################################################################
#
# IAR ELF Linker V7.70.1.11437/W32 for ARM                28/Dec/2017  21:21:38
# Copyright 2007-2016 IAR Systems AB.
#
#    Output file  =  
#        D:\00 Soondori Co Ltd\01.TerminalTemperMonitor\20. Æß¿þ¾î\verNoneOS
#        2.0\EWARM\verNoneOS 2.0\Exe\verNoneOS 2.0.out
#    Map file     =  
#        D:\00 Soondori Co Ltd\01.TerminalTemperMonitor\20. Æß¿þ¾î\verNoneOS
#        2.0\EWARM\verNoneOS 2.0\List\verNoneOS 2.0.map
#    Command line =  
#        "D:\00 Soondori Co Ltd\01.TerminalTemperMonitor\20. Æß¿þ¾î\verNoneOS
#        2.0\EWARM\verNoneOS 2.0\Obj\bsp_driver_sd.o" "D:\00 Soondori Co
#        Ltd\01.TerminalTemperMonitor\20. Æß¿þ¾î\verNoneOS 2.0\EWARM\verNoneOS
#        2.0\Obj\ccsbcs.o" "D:\00 Soondori Co Ltd\01.TerminalTemperMonitor\20.
#        Æß¿þ¾î\verNoneOS 2.0\EWARM\verNoneOS 2.0\Obj\diskio.o" "D:\00 Soondori
#        Co Ltd\01.TerminalTemperMonitor\20. Æß¿þ¾î\verNoneOS
#        2.0\EWARM\verNoneOS 2.0\Obj\fatfs.o" "D:\00 Soondori Co
#        Ltd\01.TerminalTemperMonitor\20. Æß¿þ¾î\verNoneOS 2.0\EWARM\verNoneOS
#        2.0\Obj\ff.o" "D:\00 Soondori Co Ltd\01.TerminalTemperMonitor\20.
#        Æß¿þ¾î\verNoneOS 2.0\EWARM\verNoneOS 2.0\Obj\ff_gen_drv.o" "D:\00
#        Soondori Co Ltd\01.TerminalTemperMonitor\20. Æß¿þ¾î\verNoneOS
#        2.0\EWARM\verNoneOS 2.0\Obj\main.o" "D:\00 Soondori Co
#        Ltd\01.TerminalTemperMonitor\20. Æß¿þ¾î\verNoneOS 2.0\EWARM\verNoneOS
#        2.0\Obj\sd_diskio.o" "D:\00 Soondori Co
#        Ltd\01.TerminalTemperMonitor\20. Æß¿þ¾î\verNoneOS 2.0\EWARM\verNoneOS
#        2.0\Obj\startup_stm32f407xx.o" "D:\00 Soondori Co
#        Ltd\01.TerminalTemperMonitor\20. Æß¿þ¾î\verNoneOS 2.0\EWARM\verNoneOS
#        2.0\Obj\stm32f4xx_hal.o" "D:\00 Soondori Co
#        Ltd\01.TerminalTemperMonitor\20. Æß¿þ¾î\verNoneOS 2.0\EWARM\verNoneOS
#        2.0\Obj\stm32f4xx_hal_adc.o" "D:\00 Soondori Co
#        Ltd\01.TerminalTemperMonitor\20. Æß¿þ¾î\verNoneOS 2.0\EWARM\verNoneOS
#        2.0\Obj\stm32f4xx_hal_adc_ex.o" "D:\00 Soondori Co
#        Ltd\01.TerminalTemperMonitor\20. Æß¿þ¾î\verNoneOS 2.0\EWARM\verNoneOS
#        2.0\Obj\stm32f4xx_hal_cortex.o" "D:\00 Soondori Co
#        Ltd\01.TerminalTemperMonitor\20. Æß¿þ¾î\verNoneOS 2.0\EWARM\verNoneOS
#        2.0\Obj\stm32f4xx_hal_dma.o" "D:\00 Soondori Co
#        Ltd\01.TerminalTemperMonitor\20. Æß¿þ¾î\verNoneOS 2.0\EWARM\verNoneOS
#        2.0\Obj\stm32f4xx_hal_dma_ex.o" "D:\00 Soondori Co
#        Ltd\01.TerminalTemperMonitor\20. Æß¿þ¾î\verNoneOS 2.0\EWARM\verNoneOS
#        2.0\Obj\stm32f4xx_hal_flash.o" "D:\00 Soondori Co
#        Ltd\01.TerminalTemperMonitor\20. Æß¿þ¾î\verNoneOS 2.0\EWARM\verNoneOS
#        2.0\Obj\stm32f4xx_hal_flash_ex.o" "D:\00 Soondori Co
#        Ltd\01.TerminalTemperMonitor\20. Æß¿þ¾î\verNoneOS 2.0\EWARM\verNoneOS
#        2.0\Obj\stm32f4xx_hal_flash_ramfunc.o" "D:\00 Soondori Co
#        Ltd\01.TerminalTemperMonitor\20. Æß¿þ¾î\verNoneOS 2.0\EWARM\verNoneOS
#        2.0\Obj\stm32f4xx_hal_gpio.o" "D:\00 Soondori Co
#        Ltd\01.TerminalTemperMonitor\20. Æß¿þ¾î\verNoneOS 2.0\EWARM\verNoneOS
#        2.0\Obj\stm32f4xx_hal_msp.o" "D:\00 Soondori Co
#        Ltd\01.TerminalTemperMonitor\20. Æß¿þ¾î\verNoneOS 2.0\EWARM\verNoneOS
#        2.0\Obj\stm32f4xx_hal_pcd.o" "D:\00 Soondori Co
#        Ltd\01.TerminalTemperMonitor\20. Æß¿þ¾î\verNoneOS 2.0\EWARM\verNoneOS
#        2.0\Obj\stm32f4xx_hal_pcd_ex.o" "D:\00 Soondori Co
#        Ltd\01.TerminalTemperMonitor\20. Æß¿þ¾î\verNoneOS 2.0\EWARM\verNoneOS
#        2.0\Obj\stm32f4xx_hal_pwr.o" "D:\00 Soondori Co
#        Ltd\01.TerminalTemperMonitor\20. Æß¿þ¾î\verNoneOS 2.0\EWARM\verNoneOS
#        2.0\Obj\stm32f4xx_hal_pwr_ex.o" "D:\00 Soondori Co
#        Ltd\01.TerminalTemperMonitor\20. Æß¿þ¾î\verNoneOS 2.0\EWARM\verNoneOS
#        2.0\Obj\stm32f4xx_hal_rcc.o" "D:\00 Soondori Co
#        Ltd\01.TerminalTemperMonitor\20. Æß¿þ¾î\verNoneOS 2.0\EWARM\verNoneOS
#        2.0\Obj\stm32f4xx_hal_rcc_ex.o" "D:\00 Soondori Co
#        Ltd\01.TerminalTemperMonitor\20. Æß¿þ¾î\verNoneOS 2.0\EWARM\verNoneOS
#        2.0\Obj\stm32f4xx_hal_rtc.o" "D:\00 Soondori Co
#        Ltd\01.TerminalTemperMonitor\20. Æß¿þ¾î\verNoneOS 2.0\EWARM\verNoneOS
#        2.0\Obj\stm32f4xx_hal_rtc_ex.o" "D:\00 Soondori Co
#        Ltd\01.TerminalTemperMonitor\20. Æß¿þ¾î\verNoneOS 2.0\EWARM\verNoneOS
#        2.0\Obj\stm32f4xx_hal_sd.o" "D:\00 Soondori Co
#        Ltd\01.TerminalTemperMonitor\20. Æß¿þ¾î\verNoneOS 2.0\EWARM\verNoneOS
#        2.0\Obj\stm32f4xx_hal_spi.o" "D:\00 Soondori Co
#        Ltd\01.TerminalTemperMonitor\20. Æß¿þ¾î\verNoneOS 2.0\EWARM\verNoneOS
#        2.0\Obj\stm32f4xx_hal_tim.o" "D:\00 Soondori Co
#        Ltd\01.TerminalTemperMonitor\20. Æß¿þ¾î\verNoneOS 2.0\EWARM\verNoneOS
#        2.0\Obj\stm32f4xx_hal_tim_ex.o" "D:\00 Soondori Co
#        Ltd\01.TerminalTemperMonitor\20. Æß¿þ¾î\verNoneOS 2.0\EWARM\verNoneOS
#        2.0\Obj\stm32f4xx_hal_uart.o" "D:\00 Soondori Co
#        Ltd\01.TerminalTemperMonitor\20. Æß¿þ¾î\verNoneOS 2.0\EWARM\verNoneOS
#        2.0\Obj\stm32f4xx_it.o" "D:\00 Soondori Co
#        Ltd\01.TerminalTemperMonitor\20. Æß¿þ¾î\verNoneOS 2.0\EWARM\verNoneOS
#        2.0\Obj\stm32f4xx_ll_sdmmc.o" "D:\00 Soondori Co
#        Ltd\01.TerminalTemperMonitor\20. Æß¿þ¾î\verNoneOS 2.0\EWARM\verNoneOS
#        2.0\Obj\stm32f4xx_ll_usb.o" "D:\00 Soondori Co
#        Ltd\01.TerminalTemperMonitor\20. Æß¿þ¾î\verNoneOS 2.0\EWARM\verNoneOS
#        2.0\Obj\syscall.o" "D:\00 Soondori Co Ltd\01.TerminalTemperMonitor\20.
#        Æß¿þ¾î\verNoneOS 2.0\EWARM\verNoneOS 2.0\Obj\system_stm32f4xx.o"
#        --redirect _Printf=_PrintfFull --redirect _Scanf=_ScanfFull -o "D:\00
#        Soondori Co Ltd\01.TerminalTemperMonitor\20. Æß¿þ¾î\verNoneOS
#        2.0\EWARM\verNoneOS 2.0\Exe\verNoneOS 2.0.out" --map "D:\00 Soondori
#        Co Ltd\01.TerminalTemperMonitor\20. Æß¿þ¾î\verNoneOS
#        2.0\EWARM\verNoneOS 2.0\List\verNoneOS 2.0.map" --config "D:\00
#        Soondori Co Ltd\01.TerminalTemperMonitor\20. Æß¿þ¾î\verNoneOS
#        2.0\EWARM/stm32f407xx_flash.icf" --semihosting --entry
#        __iar_program_start --vfe
#
###############################################################################

*******************************************************************************
*** RUNTIME MODEL ATTRIBUTES
***

CppFlavor       = *
__Heap_Handler  = DLMalloc
__SystemLibrary = DLib


*******************************************************************************
*** PLACEMENT SUMMARY
***

"A0":  place at 0x08000000 { ro section .intvec };
"P1":  place in [from 0x08000000 to 0x080fffff] { ro };
"P2":  place in [from 0x20000000 to 0x2001ffff] { rw, block CSTACK, block HEAP };
initialize by copy { rw };

  Section            Kind        Address    Size  Object
  -------            ----        -------    ----  ------
"A0":                                      0x188
  .intvec            ro code  0x08000000   0x188  startup_stm32f407xx.o [1]
                            - 0x08000188   0x188

"P1":                                     0x3a5c
  .text              ro code  0x08000188   0x602  stm32f4xx_hal_pcd.o [1]
  .text              ro code  0x0800078c   0x4c8  stm32f4xx_hal_msp.o [1]
  .text              ro code  0x08000c54   0x38c  stm32f4xx_ll_usb.o [1]
  .text              ro code  0x08000fe0    0x56  ABImemcpy_unaligned.o [5]
  .text              ro code  0x08001036     0x2  stm32f4xx_hal_pcd.o [1]
  .text              ro code  0x08001038     0x2  stm32f4xx_hal_pcd.o [1]
  .text              ro code  0x0800103a     0x2  stm32f4xx_hal_pcd.o [1]
  .text              ro code  0x0800103c     0x2  stm32f4xx_hal_pcd.o [1]
  .text              ro code  0x0800103e     0x2  stm32f4xx_hal_pcd.o [1]
  .text              ro code  0x08001040   0x1a0  stm32f4xx_hal_rcc.o [1]
  .text              ro code  0x080011e0     0x2  stm32f4xx_hal_pcd.o [1]
  .text              ro code  0x080011e2     0x2  stm32f4xx_hal_pcd.o [1]
  .text              ro code  0x080011e4     0x2  stm32f4xx_hal_pcd.o [1]
  .text              ro code  0x080011e6     0x2  stm32f4xx_hal_pcd.o [1]
  .text              ro code  0x080011e8     0x2  stm32f4xx_hal_pcd.o [1]
  .text              ro code  0x080011ea     0x2  stm32f4xx_hal_pcd.o [1]
  .text              ro code  0x080011ec    0xde  stm32f4xx_hal_cortex.o [1]
  .text              ro code  0x080012cc   0x1ee  stm32f4xx_hal_gpio.o [1]
  .text              ro code  0x080014bc   0x590  main.o [1]
  .text              ro code  0x08001a4c   0x390  stm32f4xx_hal_dma.o [1]
  .text              ro code  0x08001ddc    0x1e  stm32f4xx_hal.o [1]
  .text              ro code  0x08001dfc     0xc  stm32f4xx_hal.o [1]
  .text              ro code  0x08001e08    0x28  stm32f4xx_hal.o [1]
  .text              ro code  0x08001e30    0xee  I64DivMod.o [5]
  .text              ro code  0x08001f20    0x34  stm32f4xx_hal.o [1]
  .text              ro code  0x08001f54   0x3a0  stm32f4xx_hal_adc.o [1]
  .text              ro code  0x080022f4   0x184  stm32f4xx_hal_spi.o [1]
  .text              ro code  0x08002478   0x3fa  stm32f4xx_hal_uart.o [1]
  .text              ro code  0x08002874    0x18  fatfs.o [1]
  .text              ro code  0x0800288c   0x298  stm32f4xx_hal_rcc.o [1]
  .text              ro code  0x08002b24   0x128  stm32f4xx_hal_rcc_ex.o [1]
  .text              ro code  0x08002c4c   0x2aa  stm32f4xx_hal_rtc.o [1]
  .text              ro code  0x08002ef8    0x18  stm32f4xx_hal_rtc_ex.o [1]
  .text              ro code  0x08002f10     0x2  I64DivZer.o [5]
  .text              ro code  0x08002f12     0x2  stm32f4xx_hal_adc.o [1]
  .text              ro code  0x08002f14     0x2  stm32f4xx_hal_adc_ex.o [1]
  .text              ro code  0x08002f16     0x2  stm32f4xx_hal_adc.o [1]
  .text              ro code  0x08002f18     0x2  stm32f4xx_hal_adc.o [1]
  .text              ro code  0x08002f1a     0x2  stm32f4xx_hal_spi.o [1]
  .text              ro code  0x08002f1c     0x2  stm32f4xx_hal_uart.o [1]
  .text              ro code  0x08002f1e     0x2  stm32f4xx_hal_uart.o [1]
  .text              ro code  0x08002f20     0x2  stm32f4xx_hal_uart.o [1]
  .text              ro code  0x08002f24    0x40  ff_gen_drv.o [1]
  .text              ro code  0x08002f64   0x556  stm32f4xx_hal_sd.o [1]
  .text              ro code  0x080034bc   0x25c  stm32f4xx_ll_sdmmc.o [1]
  .text              ro code  0x08003718     0x2  stm32f4xx_hal_sd.o [1]
  .text              ro code  0x0800371a     0x2  stm32f4xx_hal_sd.o [1]
  .text              ro code  0x0800371c     0x2  stm32f4xx_hal_sd.o [1]
  .text              ro code  0x0800371e     0x2  stm32f4xx_hal_sd.o [1]
  .text              ro code  0x08003720    0xdc  sd_diskio.o [1]
  .text              ro code  0x080037fc    0x48  bsp_driver_sd.o [1]
  .text              ro code  0x08003844    0xcc  stm32f4xx_it.o [1]
  .text              ro code  0x08003910    0x10  stm32f4xx_hal.o [1]
  .text              ro code  0x08003920    0x60  system_stm32f4xx.o [1]
  .text              ro code  0x08003980    0x40  zero_init3.o [5]
  .text              ro code  0x080039c0    0x2c  copy_init3.o [5]
  .text              ro code  0x080039ec    0x28  data_init.o [5]
  .text              ro code  0x08003a14    0x22  fpinit_M.o [4]
  .iar.init_table    const    0x08003a38    0x24  - Linker created -
  .text              ro code  0x08003a5c    0x1a  cmain.o [5]
  .text              ro code  0x08003a76     0x4  low_level_init.o [3]
  .text              ro code  0x08003a7a     0x4  exit.o [3]
  .text              ro code  0x08003a80     0xa  cexit.o [5]
  .text              ro code  0x08003a8c    0x14  exit.o [6]
  .rodata            const    0x08003aa0    0x14  sd_diskio.o [1]
  .text              ro code  0x08003ab4    0x10  startup_stm32f407xx.o [1]
  .text              ro code  0x08003ac4     0xc  cstartup_M.o [5]
  .rodata            const    0x08003ad0     0x8  system_stm32f4xx.o [1]
  Initializer bytes  const    0x08003ad8     0x8  <for P2-1>
  .text              ro code  0x08003ae0     0x4  startup_stm32f407xx.o [1]
  .text              ro code  0x08003ae4     0x4  startup_stm32f407xx.o [1]
  .text              ro code  0x08003ae8     0x4  startup_stm32f407xx.o [1]
  .text              ro code  0x08003aec     0x4  startup_stm32f407xx.o [1]
  .text              ro code  0x08003af0     0x4  startup_stm32f407xx.o [1]
  .text              ro code  0x08003af4     0x4  startup_stm32f407xx.o [1]
  .text              ro code  0x08003af8     0x4  startup_stm32f407xx.o [1]
  .text              ro code  0x08003afc     0x4  startup_stm32f407xx.o [1]
  .text              ro code  0x08003b00     0x4  startup_stm32f407xx.o [1]
  .text              ro code  0x08003b04     0x4  startup_stm32f407xx.o [1]
  .text              ro code  0x08003b08     0x4  startup_stm32f407xx.o [1]
  .text              ro code  0x08003b0c     0x4  startup_stm32f407xx.o [1]
  .text              ro code  0x08003b10     0x4  startup_stm32f407xx.o [1]
  .text              ro code  0x08003b14     0x4  startup_stm32f407xx.o [1]
  .text              ro code  0x08003b18     0x4  startup_stm32f407xx.o [1]
  .text              ro code  0x08003b1c     0x4  startup_stm32f407xx.o [1]
  .text              ro code  0x08003b20     0x4  startup_stm32f407xx.o [1]
  .text              ro code  0x08003b24     0x4  startup_stm32f407xx.o [1]
  .text              ro code  0x08003b28     0x4  startup_stm32f407xx.o [1]
  .text              ro code  0x08003b2c     0x4  startup_stm32f407xx.o [1]
  .text              ro code  0x08003b30     0x4  startup_stm32f407xx.o [1]
  .text              ro code  0x08003b34     0x4  startup_stm32f407xx.o [1]
  .text              ro code  0x08003b38     0x4  startup_stm32f407xx.o [1]
  .text              ro code  0x08003b3c     0x4  startup_stm32f407xx.o [1]
  .text              ro code  0x08003b40     0x4  startup_stm32f407xx.o [1]
  .text              ro code  0x08003b44     0x4  startup_stm32f407xx.o [1]
  .text              ro code  0x08003b48     0x4  startup_stm32f407xx.o [1]
  .text              ro code  0x08003b4c     0x4  startup_stm32f407xx.o [1]
  .text              ro code  0x08003b50     0x4  startup_stm32f407xx.o [1]
  .text              ro code  0x08003b54     0x4  startup_stm32f407xx.o [1]
  .text              ro code  0x08003b58     0x4  startup_stm32f407xx.o [1]
  .text              ro code  0x08003b5c     0x4  startup_stm32f407xx.o [1]
  .text              ro code  0x08003b60     0x4  startup_stm32f407xx.o [1]
  .text              ro code  0x08003b64     0x4  startup_stm32f407xx.o [1]
  .text              ro code  0x08003b68     0x4  startup_stm32f407xx.o [1]
  .text              ro code  0x08003b6c     0x4  startup_stm32f407xx.o [1]
  .text              ro code  0x08003b70     0x4  startup_stm32f407xx.o [1]
  .text              ro code  0x08003b74     0x4  startup_stm32f407xx.o [1]
  .text              ro code  0x08003b78     0x4  startup_stm32f407xx.o [1]
  .text              ro code  0x08003b7c     0x4  startup_stm32f407xx.o [1]
  .text              ro code  0x08003b80     0x4  startup_stm32f407xx.o [1]
  .text              ro code  0x08003b84     0x4  startup_stm32f407xx.o [1]
  .text              ro code  0x08003b88     0x4  startup_stm32f407xx.o [1]
  .text              ro code  0x08003b8c     0x4  startup_stm32f407xx.o [1]
  .text              ro code  0x08003b90     0x4  startup_stm32f407xx.o [1]
  .text              ro code  0x08003b94     0x4  startup_stm32f407xx.o [1]
  .text              ro code  0x08003b98     0x4  startup_stm32f407xx.o [1]
  .text              ro code  0x08003b9c     0x4  startup_stm32f407xx.o [1]
  .text              ro code  0x08003ba0     0x4  startup_stm32f407xx.o [1]
  .text              ro code  0x08003ba4     0x4  startup_stm32f407xx.o [1]
  .text              ro code  0x08003ba8     0x4  startup_stm32f407xx.o [1]
  .text              ro code  0x08003bac     0x4  startup_stm32f407xx.o [1]
  .text              ro code  0x08003bb0     0x4  startup_stm32f407xx.o [1]
  .text              ro code  0x08003bb4     0x4  startup_stm32f407xx.o [1]
  .text              ro code  0x08003bb8     0x4  startup_stm32f407xx.o [1]
  .text              ro code  0x08003bbc     0x4  startup_stm32f407xx.o [1]
  .text              ro code  0x08003bc0     0x4  startup_stm32f407xx.o [1]
  .text              ro code  0x08003bc4     0x4  startup_stm32f407xx.o [1]
  .text              ro code  0x08003bc8     0x4  startup_stm32f407xx.o [1]
  .text              ro code  0x08003bcc     0x4  startup_stm32f407xx.o [1]
  .text              ro code  0x08003bd0     0x4  startup_stm32f407xx.o [1]
  .text              ro code  0x08003bd4     0x4  startup_stm32f407xx.o [1]
  .text              ro code  0x08003bd8     0x4  startup_stm32f407xx.o [1]
  .text              ro code  0x08003bdc     0x4  startup_stm32f407xx.o [1]
  .text              ro code  0x08003be0     0x4  startup_stm32f407xx.o [1]
  .rodata            const    0x08003be4     0x0  zero_init3.o [5]
  .rodata            const    0x08003be4     0x0  copy_init3.o [5]
                            - 0x08003be4  0x3a5c

"P2", part 1 of 3:                           0x8
  P2-1                        0x20000000     0x5  <Init block>
    .data            inited   0x20000000     0x4  system_stm32f4xx.o [1]
    .data            inited   0x20000004     0x1  sd_diskio.o [1]
                            - 0x20000005     0x5

"P2", part 2 of 3:                         0x400
  CSTACK                      0x20000008   0x400  <Block>
    CSTACK           uninit   0x20000008   0x400  <Block tail>
                            - 0x20000408   0x400

"P2", part 3 of 3:                         0x974
  .bss               zero     0x20000408   0x61c  main.o [1]
  .bss               zero     0x20000a24    0x60  main.o [1]
  .bss               zero     0x20000a84    0x60  main.o [1]
  .bss               zero     0x20000ae4    0x60  main.o [1]
  .bss               zero     0x20000b44    0x60  main.o [1]
  .bss               zero     0x20000ba4    0x60  main.o [1]
  .bss               zero     0x20000c04    0x60  main.o [1]
  .bss               zero     0x20000c64    0x60  main.o [1]
  .bss               zero     0x20000cc4    0x60  main.o [1]
  .bss               zero     0x20000d24    0x38  main.o [1]
  .bss               zero     0x20000d5c     0xc  ff_gen_drv.o [1]
  .bss               zero     0x20000d68     0x8  fatfs.o [1]
  .bss               zero     0x20000d70     0x4  sd_diskio.o [1]
  .bss               zero     0x20000d74     0x4  sd_diskio.o [1]
  .bss               zero     0x20000d78     0x4  stm32f4xx_hal.o [1]
                            - 0x20000d7c   0x974


*******************************************************************************
*** INIT TABLE
***

          Address     Size
          -------     ----
Zero (__iar_zero_init3)
    1 destination range, total size 0x974:
          0x20000408  0x974

Copy (__iar_copy_init3)
    1 source range, total size 0x8 (160% of destination):
          0x08003ad8    0x8
    1 destination range, total size 0x5:
          0x20000000    0x5



*******************************************************************************
*** MODULE SUMMARY
***

    Module                  ro code  ro data  rw data
    ------                  -------  -------  -------
D:\00 Soondori Co Ltd\01.TerminalTemperMonitor\20. Æß¿þ¾î\verNoneOS 2.0\EWARM\verNoneOS 2.0\Obj: [1]
    bsp_driver_sd.o              72
    fatfs.o                      24                 8
    ff_gen_drv.o                 64                12
    main.o                    1 424             2 388
    sd_diskio.o                 220       21        9
    startup_stm32f407xx.o       668
    stm32f4xx_hal.o             150                 4
    stm32f4xx_hal_adc.o         934
    stm32f4xx_hal_adc_ex.o        2
    stm32f4xx_hal_cortex.o      222
    stm32f4xx_hal_dma.o         912
    stm32f4xx_hal_gpio.o        494
    stm32f4xx_hal_msp.o       1 224
    stm32f4xx_hal_pcd.o       1 560
    stm32f4xx_hal_rcc.o       1 080
    stm32f4xx_hal_rcc_ex.o      296
    stm32f4xx_hal_rtc.o         682
    stm32f4xx_hal_rtc_ex.o       24
    stm32f4xx_hal_sd.o        1 374
    stm32f4xx_hal_spi.o         390
    stm32f4xx_hal_uart.o      1 024
    stm32f4xx_it.o              204
    stm32f4xx_ll_sdmmc.o        604
    stm32f4xx_ll_usb.o          908
    system_stm32f4xx.o           96       12        4
    -------------------------------------------------
    Total:                   14 652       33    2 425

command line: [2]
    -------------------------------------------------
    Total:

dl7M_tlf.a: [3]
    exit.o                        4
    low_level_init.o              4
    -------------------------------------------------
    Total:                        8

m7M_tls.a: [4]
    fpinit_M.o                   34
    -------------------------------------------------
    Total:                       34

rt7M_tl.a: [5]
    ABImemcpy_unaligned.o        86
    I64DivMod.o                 238
    I64DivZer.o                   2
    cexit.o                      10
    cmain.o                      26
    copy_init3.o                 44
    cstartup_M.o                 12
    data_init.o                  40
    zero_init3.o                 64
    -------------------------------------------------
    Total:                      522

shb_l.a: [6]
    exit.o                       20
    -------------------------------------------------
    Total:                       20

    Gaps                         22        2
    Linker created                        39    1 024
-----------------------------------------------------
    Grand Total:             15 258       74    3 449


*******************************************************************************
*** ENTRY LIST
***

Entry                      Address   Size  Type      Object
-----                      -------   ----  ----      ------
.iar.init_table$$Base   0x08003a38          --   Gb  - Linker created -
.iar.init_table$$Limit  0x08003a5c          --   Gb  - Linker created -
?main                   0x08003a5d         Code  Gb  cmain.o [5]
ADC_IRQHandler          0x0800387b   0x12  Code  Gb  stm32f4xx_it.o [1]
ADC_Init                0x080021f9   0xe8  Code  Lc  stm32f4xx_hal_adc.o [1]
AHBPrescTable           0x08003970   0x10  Data  Gb  system_stm32f4xx.o [1]
APBPrescTable           0x08003ad0    0x8  Data  Gb  system_stm32f4xx.o [1]
BSP_SD_GetCardInfo      0x08003837    0x8  Code  Gb  bsp_driver_sd.o [1]
BSP_SD_GetCardState     0x08003825   0x12  Code  Gb  bsp_driver_sd.o [1]
BSP_SD_ReadBlocks_DMA   0x080037fd   0x10  Code  Gb  bsp_driver_sd.o [1]
BSP_SD_WriteBlocks_DMA  0x0800380d    0xe  Code  Gb  bsp_driver_sd.o [1]
BusFault_Handler        0x0800384b    0x2  Code  Gb  stm32f4xx_it.o [1]
CSTACK$$Base            0x20000008          --   Gb  - Linker created -
CSTACK$$Limit           0x20000408          --   Gb  - Linker created -
DMA1_Stream3_IRQHandler
                        0x08003863    0x6  Code  Gb  stm32f4xx_it.o [1]
DMA1_Stream4_IRQHandler
                        0x08003869    0x6  Code  Gb  stm32f4xx_it.o [1]
DMA1_Stream5_IRQHandler
                        0x0800386f    0x6  Code  Gb  stm32f4xx_it.o [1]
DMA1_Stream6_IRQHandler
                        0x08003875    0x6  Code  Gb  stm32f4xx_it.o [1]
DMA2_Stream0_IRQHandler
                        0x080038b1    0x6  Code  Gb  stm32f4xx_it.o [1]
DMA2_Stream2_IRQHandler
                        0x080038b7    0x6  Code  Gb  stm32f4xx_it.o [1]
DMA2_Stream3_IRQHandler
                        0x080038bd    0x6  Code  Gb  stm32f4xx_it.o [1]
DMA2_Stream6_IRQHandler
                        0x080038c9    0x6  Code  Gb  stm32f4xx_it.o [1]
DMA_CalcBaseAndBitshift
                        0x08001daf   0x26  Code  Lc  stm32f4xx_hal_dma.o [1]
DMA_CalcBaseAndBitshift::flagBitshiftOffset
                        0x08001dd4    0x8  Data  Lc  stm32f4xx_hal_dma.o [1]
DMA_SetConfig           0x08001d91   0x1e  Code  Lc  stm32f4xx_hal_dma.o [1]
DebugMon_Handler        0x08003851    0x2  Code  Gb  stm32f4xx_it.o [1]
EXTI9_5_IRQHandler      0x0800388d    0x6  Code  Gb  stm32f4xx_it.o [1]
FATFS_LinkDriver        0x08002f5d    0x4  Code  Gb  ff_gen_drv.o [1]
FATFS_LinkDriverEx      0x08002f25   0x38  Code  Gb  ff_gen_drv.o [1]
HAL_ADCEx_InjectedConvCpltCallback
                        0x08002f15    0x2  Code  Wk  stm32f4xx_hal_adc_ex.o [1]
HAL_ADC_ConfigChannel   0x080020d5  0x10c  Code  Gb  stm32f4xx_hal_adc.o [1]
HAL_ADC_ConvCpltCallback
                        0x08002f13    0x2  Code  Wk  stm32f4xx_hal_adc.o [1]
HAL_ADC_ErrorCallback   0x08002f19    0x2  Code  Wk  stm32f4xx_hal_adc.o [1]
HAL_ADC_IRQHandler      0x08001fad  0x114  Code  Gb  stm32f4xx_hal_adc.o [1]
HAL_ADC_Init            0x08001f55   0x50  Code  Gb  stm32f4xx_hal_adc.o [1]
HAL_ADC_LevelOutOfWindowCallback
                        0x08002f17    0x2  Code  Wk  stm32f4xx_hal_adc.o [1]
HAL_ADC_MspInit         0x080007ed   0xee  Code  Gb  stm32f4xx_hal_msp.o [1]
HAL_DMA_Abort_IT        0x08001baf   0x24  Code  Gb  stm32f4xx_hal_dma.o [1]
HAL_DMA_IRQHandler      0x08001bd3  0x192  Code  Gb  stm32f4xx_hal_dma.o [1]
HAL_DMA_Init            0x08001a4d   0xe6  Code  Gb  stm32f4xx_hal_dma.o [1]
HAL_DMA_Start_IT        0x08001b33   0x64  Code  Gb  stm32f4xx_hal_dma.o [1]
HAL_Delay               0x08001ddd   0x1e  Code  Wk  stm32f4xx_hal.o [1]
HAL_GPIO_EXTI_Callback  0x080014b9    0x2  Code  Wk  stm32f4xx_hal_gpio.o [1]
HAL_GPIO_EXTI_IRQHandler
                        0x08001479   0x10  Code  Gb  stm32f4xx_hal_gpio.o [1]
HAL_GPIO_Init           0x080012cd  0x1a4  Code  Gb  stm32f4xx_hal_gpio.o [1]
HAL_GPIO_WritePin       0x08001471    0x8  Code  Gb  stm32f4xx_hal_gpio.o [1]
HAL_GetTick             0x08001dfd    0xc  Code  Wk  stm32f4xx_hal.o [1]
HAL_IncTick             0x08003911   0x10  Code  Wk  stm32f4xx_hal.o [1]
HAL_Init                0x08001f21   0x30  Code  Gb  stm32f4xx_hal.o [1]
HAL_InitTick            0x08001e09   0x28  Code  Wk  stm32f4xx_hal.o [1]
HAL_MspInit             0x0800078d   0x60  Code  Gb  stm32f4xx_hal_msp.o [1]
HAL_NVIC_EnableIRQ      0x0800125b    0xc  Code  Gb  stm32f4xx_hal_cortex.o [1]
HAL_NVIC_SetPriority    0x08001221   0x3a  Code  Gb  stm32f4xx_hal_cortex.o [1]
HAL_NVIC_SetPriorityGrouping
                        0x08001207   0x1a  Code  Gb  stm32f4xx_hal_cortex.o [1]
HAL_PCD_ConnectCallback
                        0x080011e9    0x2  Code  Wk  stm32f4xx_hal_pcd.o [1]
HAL_PCD_DataInStageCallback
                        0x0800103b    0x2  Code  Wk  stm32f4xx_hal_pcd.o [1]
HAL_PCD_DataOutStageCallback
                        0x08001037    0x2  Code  Wk  stm32f4xx_hal_pcd.o [1]
HAL_PCD_DisconnectCallback
                        0x080011eb    0x2  Code  Wk  stm32f4xx_hal_pcd.o [1]
HAL_PCD_IRQHandler      0x08000239  0x45a  Code  Gb  stm32f4xx_hal_pcd.o [1]
HAL_PCD_ISOINIncompleteCallback
                        0x080011e5    0x2  Code  Wk  stm32f4xx_hal_pcd.o [1]
HAL_PCD_ISOOUTIncompleteCallback
                        0x080011e7    0x2  Code  Wk  stm32f4xx_hal_pcd.o [1]
HAL_PCD_Init            0x08000189   0xa6  Code  Gb  stm32f4xx_hal_pcd.o [1]
HAL_PCD_MspInit         0x08000b31   0x50  Code  Gb  stm32f4xx_hal_msp.o [1]
HAL_PCD_ResetCallback   0x080011e1    0x2  Code  Wk  stm32f4xx_hal_pcd.o [1]
HAL_PCD_ResumeCallback  0x0800103d    0x2  Code  Wk  stm32f4xx_hal_pcd.o [1]
HAL_PCD_SOFCallback     0x080011e3    0x2  Code  Wk  stm32f4xx_hal_pcd.o [1]
HAL_PCD_SetupStageCallback
                        0x08001039    0x2  Code  Wk  stm32f4xx_hal_pcd.o [1]
HAL_PCD_SuspendCallback
                        0x0800103f    0x2  Code  Wk  stm32f4xx_hal_pcd.o [1]
HAL_RCCEx_PeriphCLKConfig
                        0x08002b25  0x10e  Code  Gb  stm32f4xx_hal_rcc_ex.o [1]
HAL_RCC_ClockConfig     0x08001041   0xfa  Code  Gb  stm32f4xx_hal_rcc.o [1]
HAL_RCC_GetHCLKFreq     0x08001147    0x6  Code  Gb  stm32f4xx_hal_rcc.o [1]
HAL_RCC_GetPCLK1Freq    0x0800114d   0x10  Code  Gb  stm32f4xx_hal_rcc.o [1]
HAL_RCC_GetPCLK2Freq    0x0800115d    0xe  Code  Gb  stm32f4xx_hal_rcc.o [1]
HAL_RCC_GetSysClockFreq
                        0x08001189   0x58  Code  Wk  stm32f4xx_hal_rcc.o [1]
HAL_RCC_OscConfig       0x0800288d  0x298  Code  Wk  stm32f4xx_hal_rcc.o [1]
HAL_RTCEx_BKUPRead      0x08002f05    0xc  Code  Gb  stm32f4xx_hal_rtc_ex.o [1]
HAL_RTCEx_BKUPWrite     0x08002ef9    0xc  Code  Gb  stm32f4xx_hal_rtc_ex.o [1]
HAL_RTC_Init            0x08002c4d   0x82  Code  Gb  stm32f4xx_hal_rtc.o [1]
HAL_RTC_MspInit         0x0800090b   0x14  Code  Gb  stm32f4xx_hal_msp.o [1]
HAL_RTC_SetDate         0x08002d91   0x80  Code  Gb  stm32f4xx_hal_rtc.o [1]
HAL_RTC_SetTime         0x08002ce3   0x98  Code  Gb  stm32f4xx_hal_rtc.o [1]
HAL_RTC_WaitForSynchro  0x08002e6d   0x30  Code  Gb  stm32f4xx_hal_rtc.o [1]
HAL_SD_AbortCallback    0x0800371d    0x2  Code  Wk  stm32f4xx_hal_sd.o [1]
HAL_SD_ErrorCallback    0x0800371f    0x2  Code  Wk  stm32f4xx_hal_sd.o [1]
HAL_SD_GetCardInfo      0x08003303   0x24  Code  Gb  stm32f4xx_hal_sd.o [1]
HAL_SD_GetCardState     0x08003327   0x26  Code  Gb  stm32f4xx_hal_sd.o [1]
HAL_SD_IRQHandler       0x08003165  0x16e  Code  Gb  stm32f4xx_hal_sd.o [1]
HAL_SD_ReadBlocks_DMA   0x08002f93   0xc8  Code  Gb  stm32f4xx_hal_sd.o [1]
HAL_SD_RxCpltCallback   0x08003719    0x2  Code  Wk  stm32f4xx_hal_sd.o [1]
HAL_SD_TxCpltCallback   0x0800371b    0x2  Code  Wk  stm32f4xx_hal_sd.o [1]
HAL_SD_WriteBlocks_DMA  0x08003083   0xd4  Code  Gb  stm32f4xx_hal_sd.o [1]
HAL_SPI_ErrorCallback   0x08002f1b    0x2  Code  Wk  stm32f4xx_hal_spi.o [1]
HAL_SPI_IRQHandler      0x08002377   0xf4  Code  Gb  stm32f4xx_hal_spi.o [1]
HAL_SPI_Init            0x080022f5   0x76  Code  Gb  stm32f4xx_hal_spi.o [1]
HAL_SPI_MspInit         0x08000927   0xb8  Code  Gb  stm32f4xx_hal_msp.o [1]
HAL_SYSTICK_CLKSourceConfig
                        0x08001297   0x14  Code  Gb  stm32f4xx_hal_cortex.o [1]
HAL_SYSTICK_Callback    0x080012c9    0x2  Code  Wk  stm32f4xx_hal_cortex.o [1]
HAL_SYSTICK_Config      0x0800126f   0x28  Code  Gb  stm32f4xx_hal_cortex.o [1]
HAL_SYSTICK_IRQHandler  0x080012c5    0x4  Code  Gb  stm32f4xx_hal_cortex.o [1]
HAL_UART_ErrorCallback  0x08002f1d    0x2  Code  Wk  stm32f4xx_hal_uart.o [1]
HAL_UART_IRQHandler     0x080024f3  0x14e  Code  Gb  stm32f4xx_hal_uart.o [1]
HAL_UART_Init           0x08002479   0x28  Code  Gb  stm32f4xx_hal_uart.o [1]
HAL_UART_MspInit        0x080009ed  0x110  Code  Gb  stm32f4xx_hal_msp.o [1]
HAL_UART_RxCpltCallback
                        0x08002f21    0x2  Code  Wk  stm32f4xx_hal_uart.o [1]
HAL_UART_TxCpltCallback
                        0x08002f1f    0x2  Code  Wk  stm32f4xx_hal_uart.o [1]
HardFault_Handler       0x08003847    0x2  Code  Gb  stm32f4xx_it.o [1]
MX_FATFS_Init           0x08002875   0x10  Code  Gb  fatfs.o [1]
MX_GPIO_Init            0x08001841  0x174  Code  Lc  main.o [1]
MX_RTC_Init             0x080017db   0x66  Code  Lc  main.o [1]
MemManage_Handler       0x08003849    0x2  Code  Gb  stm32f4xx_it.o [1]
NMI_Handler             0x08003845    0x2  Code  Gb  stm32f4xx_it.o [1]
NVIC_SetPriority        0x080011ed   0x1a  Code  Lc  stm32f4xx_hal_cortex.o [1]
OTG_FS_IRQHandler       0x080038c3    0x6  Code  Gb  stm32f4xx_it.o [1]
PCD_WriteEmptyTxFifo    0x08000701   0x8a  Code  Lc  stm32f4xx_hal_pcd.o [1]
PendSV_Handler          0x08003853    0x2  Code  Gb  stm32f4xx_it.o [1]
RTC_Bcd2ToByte          0x08002ee7   0x10  Code  Gb  stm32f4xx_hal_rtc.o [1]
RTC_ByteToBcd2          0x08002ed1   0x16  Code  Gb  stm32f4xx_hal_rtc.o [1]
RTC_EnterInitMode       0x08002e9d   0x34  Code  Gb  stm32f4xx_hal_rtc.o [1]
ReadStatus              0x20000d74    0x4  Data  Lc  sd_diskio.o [1]
Region$$Table$$Base     0x08003a38          --   Gb  - Linker created -
Region$$Table$$Limit    0x08003a5c          --   Gb  - Linker created -
SDIO_ConfigData         0x080034ff   0x1e  Code  Gb  stm32f4xx_ll_sdmmc.o [1]
SDIO_GetResponse        0x080034eb   0x14  Code  Gb  stm32f4xx_ll_sdmmc.o [1]
SDIO_IRQHandler         0x080038ab    0x6  Code  Gb  stm32f4xx_it.o [1]
SDIO_ReadFIFO           0x080034bd    0x2  Code  Gb  stm32f4xx_ll_sdmmc.o [1]
SDIO_SendCommand        0x080034c9   0x22  Code  Gb  stm32f4xx_ll_sdmmc.o [1]
SDIO_WriteFIFO          0x080034bf    0xa  Code  Gb  stm32f4xx_ll_sdmmc.o [1]
SDMMC_CmdBlockLength    0x0800352b   0x14  Code  Gb  stm32f4xx_ll_sdmmc.o [1]
SDMMC_CmdReadMultiBlock
                        0x08003553   0x14  Code  Gb  stm32f4xx_ll_sdmmc.o [1]
SDMMC_CmdReadSingleBlock
                        0x0800353f   0x14  Code  Gb  stm32f4xx_ll_sdmmc.o [1]
SDMMC_CmdSendStatus     0x080035db   0x14  Code  Gb  stm32f4xx_ll_sdmmc.o [1]
SDMMC_CmdStopTransfer   0x080035a7   0x16  Code  Gb  stm32f4xx_ll_sdmmc.o [1]
SDMMC_CmdWriteMultiBlock
                        0x0800357b   0x14  Code  Gb  stm32f4xx_ll_sdmmc.o [1]
SDMMC_CmdWriteSingleBlock
                        0x08003567   0x14  Code  Gb  stm32f4xx_ll_sdmmc.o [1]
SDMMC_GetCmdResp1       0x080035f9  0x112  Code  Lc  stm32f4xx_ll_sdmmc.o [1]
SDPath                  0x20000d6c    0x4  Data  Gb  fatfs.o [1]
SD_CheckStatus          0x08003721   0x1a  Code  Lc  sd_diskio.o [1]
SD_DMAError             0x080033cd   0x4c  Code  Lc  stm32f4xx_hal_sd.o [1]
SD_DMAReceiveCplt       0x0800337d   0x36  Code  Lc  stm32f4xx_hal_sd.o [1]
SD_DMARxAbort           0x0800346d   0x46  Code  Lc  stm32f4xx_hal_sd.o [1]
SD_DMATransmitCplt      0x0800336d    0xe  Code  Lc  stm32f4xx_hal_sd.o [1]
SD_DMATxAbort           0x08003421   0x46  Code  Lc  stm32f4xx_hal_sd.o [1]
SD_Driver               0x08003aa0   0x14  Data  Gb  sd_diskio.o [1]
SD_initialize           0x0800373b    0x2  Code  Gb  sd_diskio.o [1]
SD_ioctl                0x080037a9   0x48  Code  Gb  sd_diskio.o [1]
SD_read                 0x0800373f   0x16  Code  Gb  sd_diskio.o [1]
SD_status               0x0800373d    0x2  Code  Gb  sd_diskio.o [1]
SD_write                0x08003755   0x14  Code  Gb  sd_diskio.o [1]
SPI2_IRQHandler         0x08003893    0x6  Code  Gb  stm32f4xx_it.o [1]
SPI_DMAAbortOnError     0x0800246d    0xc  Code  Lc  stm32f4xx_hal_spi.o [1]
SVC_Handler             0x0800384f    0x2  Code  Gb  stm32f4xx_it.o [1]
Stat                    0x20000004    0x1  Data  Lc  sd_diskio.o [1]
SysTick_Handler         0x08003855    0xe  Code  Gb  stm32f4xx_it.o [1]
SystemClock_Config      0x08001715   0xc6  Code  Gb  main.o [1]
SystemCoreClock         0x20000000    0x4  Data  Gb  system_stm32f4xx.o [1]
SystemInit              0x08003921   0x3a  Code  Gb  system_stm32f4xx.o [1]
UART_DMAAbortOnError    0x08002661    0xc  Code  Lc  stm32f4xx_hal_uart.o [1]
UART_EndRxTransfer      0x08002641   0x1c  Code  Lc  stm32f4xx_hal_uart.o [1]
UART_Receive_IT         0x0800266d   0x88  Code  Lc  stm32f4xx_hal_uart.o [1]
UART_SetConfig          0x080026f5  0x13a  Code  Lc  stm32f4xx_hal_uart.o [1]
USART1_IRQHandler       0x08003899    0x6  Code  Gb  stm32f4xx_it.o [1]
USART2_IRQHandler       0x0800389f    0x6  Code  Gb  stm32f4xx_it.o [1]
USART3_IRQHandler       0x080038a5    0x6  Code  Gb  stm32f4xx_it.o [1]
USB_ActivateSetup       0x08000f39   0x2e  Code  Gb  stm32f4xx_ll_usb.o [1]
USB_CoreInit            0x08000c55   0x6e  Code  Gb  stm32f4xx_ll_usb.o [1]
USB_CoreReset           0x08000f97   0x2a  Code  Lc  stm32f4xx_ll_usb.o [1]
USB_DevDisconnect       0x08000ec1    0xc  Code  Gb  stm32f4xx_ll_usb.o [1]
USB_DevInit             0x08000cf5  0x10c  Code  Gb  stm32f4xx_ll_usb.o [1]
USB_DisableGlobalInt    0x08000cc3    0x6  Code  Gb  stm32f4xx_ll_usb.o [1]
USB_EP0_OutStart        0x08000f67   0x30  Code  Gb  stm32f4xx_ll_usb.o [1]
USB_FlushRxFifo         0x08000e1f   0x1a  Code  Gb  stm32f4xx_ll_usb.o [1]
USB_FlushTxFifo         0x08000e01   0x1e  Code  Gb  stm32f4xx_ll_usb.o [1]
USB_GetDevSpeed         0x08000e3f   0x34  Code  Gb  stm32f4xx_ll_usb.o [1]
USB_GetMode             0x08000f31    0x8  Code  Gb  stm32f4xx_ll_usb.o [1]
USB_ReadDevAllInEpInterrupt
                        0x08000eef    0xe  Code  Gb  stm32f4xx_ll_usb.o [1]
USB_ReadDevAllOutEpInterrupt
                        0x08000ee1    0xe  Code  Gb  stm32f4xx_ll_usb.o [1]
USB_ReadDevInEPInterrupt
                        0x08000f11   0x20  Code  Gb  stm32f4xx_ll_usb.o [1]
USB_ReadDevOutEPInterrupt
                        0x08000efd   0x14  Code  Gb  stm32f4xx_ll_usb.o [1]
USB_ReadInterrupts      0x08000ed9    0x8  Code  Gb  stm32f4xx_ll_usb.o [1]
USB_ReadPacket          0x08000e99   0x1e  Code  Gb  stm32f4xx_ll_usb.o [1]
USB_SetCurrentMode      0x08000ccf   0x26  Code  Gb  stm32f4xx_ll_usb.o [1]
USB_SetDevSpeed         0x08000e39    0x6  Code  Gb  stm32f4xx_ll_usb.o [1]
USB_WritePacket         0x08000e73   0x26  Code  Gb  stm32f4xx_ll_usb.o [1]
UsageFault_Handler      0x0800384d    0x2  Code  Gb  stm32f4xx_it.o [1]
WriteStatus             0x20000d70    0x4  Data  Lc  sd_diskio.o [1]
_Error_Handler          0x08001a4b    0x2  Code  Gb  main.o [1]
__aeabi_ldiv0           0x08002f11         Code  Gb  I64DivZer.o [5]
__aeabi_uldivmod        0x08001e31         Code  Gb  I64DivMod.o [5]
__cmain                 0x08003a5d         Code  Gb  cmain.o [5]
__exit                  0x08003a8d   0x14  Code  Gb  exit.o [6]
__iar_copy_init3        0x080039c1   0x2c  Code  Gb  copy_init3.o [5]
__iar_data_init3        0x080039ed   0x28  Code  Gb  data_init.o [5]
__iar_init_vfp          0x08003a15         Code  Gb  fpinit_M.o [4]
__iar_program_start     0x08003ac5         Code  Gb  cstartup_M.o [5]
__iar_unaligned___aeabi_memcpy4
                        0x08000fe1         Code  Gb  ABImemcpy_unaligned.o [5]
__iar_unaligned___aeabi_memcpy8
                        0x08000fe1         Code  Gb  ABImemcpy_unaligned.o [5]
__iar_zero_init3        0x08003981   0x40  Code  Gb  zero_init3.o [5]
__low_level_init        0x08003a77    0x4  Code  Gb  low_level_init.o [3]
__vector_table          0x08000000         Data  Gb  startup_stm32f407xx.o [1]
_call_main              0x08003a69         Code  Gb  cmain.o [5]
_exit                   0x08003a81         Code  Gb  cexit.o [5]
_main                   0x08003a73         Code  Gb  cmain.o [5]
disk                    0x20000d5c    0xc  Data  Gb  ff_gen_drv.o [1]
exit                    0x08003a7b    0x4  Code  Gb  exit.o [3]
hadc1                   0x20000408   0x48  Data  Gb  main.o [1]
hadc2                   0x20000450   0x48  Data  Gb  main.o [1]
hdma_adc1               0x20000a24   0x60  Data  Gb  main.o [1]
hdma_adc2               0x20000a84   0x60  Data  Gb  main.o [1]
hdma_sdio_rx            0x20000ae4   0x60  Data  Gb  main.o [1]
hdma_sdio_tx            0x20000b44   0x60  Data  Gb  main.o [1]
hdma_spi2_rx            0x20000ba4   0x60  Data  Gb  main.o [1]
hdma_spi2_tx            0x20000c04   0x60  Data  Gb  main.o [1]
hdma_usart2_rx          0x20000c64   0x60  Data  Gb  main.o [1]
hdma_usart2_tx          0x20000cc4   0x60  Data  Gb  main.o [1]
hpcd_USB_OTG_FS         0x20000498  0x3f0  Data  Gb  main.o [1]
hrtc                    0x20000d24   0x20  Data  Gb  main.o [1]
hsd                     0x200009a0   0x84  Data  Gb  main.o [1]
hspi2                   0x20000888   0x58  Data  Gb  main.o [1]
huart1                  0x200008e0   0x40  Data  Gb  main.o [1]
huart2                  0x20000920   0x40  Data  Gb  main.o [1]
huart3                  0x20000960   0x40  Data  Gb  main.o [1]
main                    0x080014bd  0x258  Code  Gb  main.o [1]
retSD                   0x20000d68    0x1  Data  Gb  fatfs.o [1]
sDate                   0x20000d58    0x4  Data  Gb  main.o [1]
sTime                   0x20000d44   0x14  Data  Gb  main.o [1]
uwTick                  0x20000d78    0x4  Data  Gb  stm32f4xx_hal.o [1]


[1] = D:\00 Soondori Co Ltd\01.TerminalTemperMonitor\20. Æß¿þ¾î\verNoneOS 2.0\EWARM\verNoneOS 2.0\Obj
[2] = command line
[3] = dl7M_tlf.a
[4] = m7M_tls.a
[5] = rt7M_tl.a
[6] = shb_l.a

  15 258 bytes of readonly  code memory
      74 bytes of readonly  data memory
   3 449 bytes of readwrite data memory

Errors: none
Warnings: none
